C:\Users\Salavat\IdeaProjects\InventoryManager\src\main\java\com\github\salavatjs\inventorymanager\inventories\items\SimpleInventoryItem.java
C:\Users\Salavat\IdeaProjects\InventoryManager\src\main\java\com\github\salavatjs\inventorymanager\services\InventoryProvider.java
C:\Users\Salavat\IdeaProjects\InventoryManager\src\main\java\com\github\salavatjs\inventorymanager\services\InventoryService.java
C:\Users\Salavat\IdeaProjects\InventoryManager\src\main\java\com\github\salavatjs\inventorymanager\inventories\items\InventoryItem.java
C:\Users\Salavat\IdeaProjects\InventoryManager\src\main\java\com\github\salavatjs\inventorymanager\inventories\BaseInventory.java
C:\Users\Salavat\IdeaProjects\InventoryManager\src\main\java\com\github\salavatjs\inventorymanager\listeners\InventoryListener.java
C:\Users\Salavat\IdeaProjects\InventoryManager\src\main\java\com\github\salavatjs\inventorymanager\inventories\StaticInventory.java
C:\Users\Salavat\IdeaProjects\InventoryManager\src\main\java\com\github\salavatjs\inventorymanager\Main.java
C:\Users\Salavat\IdeaProjects\InventoryManager\src\main\java\com\github\salavatjs\inventorymanager\inventories\PersonalInventory.java
